[1.327s] Invoking command in '/home/warxen/ai_robot/ros2_ws/src/robot_vision_assistant': NX_CONNECTION=192.168.1.126 2425 192.168.1.127 4000 PYTHONPATH=/home/warxen/ai_robot/ros2_ws/build/robot_vision_assistant/prefix_override:/usr/lib/python3/dist-packages/colcon_core/task/python/colcon_distutils_commands:/home/warxen/ai_robot/ros2_ws/install/robot_vision_assistant/lib/python3.10/site-packages:${PYTHONPATH} /usr/bin/python3 -W ignore:setup.py install is deprecated -W ignore:easy_install command is deprecated setup.py egg_info --egg-base ../../build/robot_vision_assistant build --build-base /home/warxen/ai_robot/ros2_ws/build/robot_vision_assistant/build install --record /home/warxen/ai_robot/ros2_ws/build/robot_vision_assistant/install.log --single-version-externally-managed install_data
[1.831s] running egg_info
[1.832s] writing ../../build/robot_vision_assistant/robot_vision_assistant.egg-info/PKG-INFO
[1.833s] writing dependency_links to ../../build/robot_vision_assistant/robot_vision_assistant.egg-info/dependency_links.txt
[1.833s] writing entry points to ../../build/robot_vision_assistant/robot_vision_assistant.egg-info/entry_points.txt
[1.834s] writing requirements to ../../build/robot_vision_assistant/robot_vision_assistant.egg-info/requires.txt
[1.834s] writing top-level names to ../../build/robot_vision_assistant/robot_vision_assistant.egg-info/top_level.txt
[1.838s] reading manifest file '../../build/robot_vision_assistant/robot_vision_assistant.egg-info/SOURCES.txt'
[1.840s] writing manifest file '../../build/robot_vision_assistant/robot_vision_assistant.egg-info/SOURCES.txt'
[1.840s] running build
[1.840s] running build_py
[1.841s] copying robot_vision_assistant/vision_assistant_node.py -> /home/warxen/ai_robot/ros2_ws/build/robot_vision_assistant/build/lib/robot_vision_assistant
[1.842s] running install
[1.843s] running install_lib
[1.845s] copying /home/warxen/ai_robot/ros2_ws/build/robot_vision_assistant/build/lib/robot_vision_assistant/vision_assistant_node.py -> /home/warxen/ai_robot/ros2_ws/install/robot_vision_assistant/lib/python3.10/site-packages/robot_vision_assistant
[1.847s] byte-compiling /home/warxen/ai_robot/ros2_ws/install/robot_vision_assistant/lib/python3.10/site-packages/robot_vision_assistant/vision_assistant_node.py to vision_assistant_node.cpython-310.pyc
[1.855s] running install_data
[1.855s] running install_egg_info
[1.859s] removing '/home/warxen/ai_robot/ros2_ws/install/robot_vision_assistant/lib/python3.10/site-packages/robot_vision_assistant-0.0.1-py3.10.egg-info' (and everything under it)
[1.860s] Copying ../../build/robot_vision_assistant/robot_vision_assistant.egg-info to /home/warxen/ai_robot/ros2_ws/install/robot_vision_assistant/lib/python3.10/site-packages/robot_vision_assistant-0.0.1-py3.10.egg-info
[1.862s] running install_scripts
[1.905s] Installing asr_node script to /home/warxen/ai_robot/ros2_ws/install/robot_vision_assistant/lib/robot_vision_assistant
[1.905s] Installing local_perception_node script to /home/warxen/ai_robot/ros2_ws/install/robot_vision_assistant/lib/robot_vision_assistant
[1.905s] Installing tts_node script to /home/warxen/ai_robot/ros2_ws/install/robot_vision_assistant/lib/robot_vision_assistant
[1.905s] Installing vision_assistant_node script to /home/warxen/ai_robot/ros2_ws/install/robot_vision_assistant/lib/robot_vision_assistant
[1.906s] Installing voice_led_bridge_node script to /home/warxen/ai_robot/ros2_ws/install/robot_vision_assistant/lib/robot_vision_assistant
[1.906s] Installing voice_manager_node script to /home/warxen/ai_robot/ros2_ws/install/robot_vision_assistant/lib/robot_vision_assistant
[1.906s] Installing yolo_perception_node script to /home/warxen/ai_robot/ros2_ws/install/robot_vision_assistant/lib/robot_vision_assistant
[1.907s] writing list of installed files to '/home/warxen/ai_robot/ros2_ws/build/robot_vision_assistant/install.log'
[1.977s] Invoked command in '/home/warxen/ai_robot/ros2_ws/src/robot_vision_assistant' returned '0': NX_CONNECTION=192.168.1.126 2425 192.168.1.127 4000 PYTHONPATH=/home/warxen/ai_robot/ros2_ws/build/robot_vision_assistant/prefix_override:/usr/lib/python3/dist-packages/colcon_core/task/python/colcon_distutils_commands:/home/warxen/ai_robot/ros2_ws/install/robot_vision_assistant/lib/python3.10/site-packages:${PYTHONPATH} /usr/bin/python3 -W ignore:setup.py install is deprecated -W ignore:easy_install command is deprecated setup.py egg_info --egg-base ../../build/robot_vision_assistant build --build-base /home/warxen/ai_robot/ros2_ws/build/robot_vision_assistant/build install --record /home/warxen/ai_robot/ros2_ws/build/robot_vision_assistant/install.log --single-version-externally-managed install_data
