[2.391s] Invoking command in '/home/warxen/ai_robot/ros2_ws/src/robot_camera': NX_CONNECTION=192.168.1.126 10285 192.168.1.127 4000 PYTHONPATH=/home/warxen/ai_robot/ros2_ws/build/robot_camera/prefix_override:/usr/lib/python3/dist-packages/colcon_core/task/python/colcon_distutils_commands:/home/warxen/ai_robot/ros2_ws/install/robot_camera/lib/python3.10/site-packages:${PYTHONPATH} /usr/bin/python3 -W ignore:setup.py install is deprecated -W ignore:easy_install command is deprecated setup.py egg_info --egg-base ../../build/robot_camera build --build-base /home/warxen/ai_robot/ros2_ws/build/robot_camera/build install --record /home/warxen/ai_robot/ros2_ws/build/robot_camera/install.log --single-version-externally-managed install_data
[2.872s] running egg_info
[2.873s] writing ../../build/robot_camera/robot_camera.egg-info/PKG-INFO
[2.874s] writing dependency_links to ../../build/robot_camera/robot_camera.egg-info/dependency_links.txt
[2.874s] writing entry points to ../../build/robot_camera/robot_camera.egg-info/entry_points.txt
[2.875s] writing requirements to ../../build/robot_camera/robot_camera.egg-info/requires.txt
[2.875s] writing top-level names to ../../build/robot_camera/robot_camera.egg-info/top_level.txt
[2.879s] reading manifest file '../../build/robot_camera/robot_camera.egg-info/SOURCES.txt'
[2.880s] writing manifest file '../../build/robot_camera/robot_camera.egg-info/SOURCES.txt'
[2.881s] running build
[2.881s] running build_py
[2.881s] running install
[2.882s] running install_lib
[2.885s] running install_data
[2.885s] copying launch/stereo_disparity.launch.py -> /home/warxen/ai_robot/ros2_ws/install/robot_camera/share/robot_camera/launch
[2.885s] running install_egg_info
[2.890s] removing '/home/warxen/ai_robot/ros2_ws/install/robot_camera/lib/python3.10/site-packages/robot_camera-0.0.0-py3.10.egg-info' (and everything under it)
[2.891s] Copying ../../build/robot_camera/robot_camera.egg-info to /home/warxen/ai_robot/ros2_ws/install/robot_camera/lib/python3.10/site-packages/robot_camera-0.0.0-py3.10.egg-info
[2.893s] running install_scripts
[2.943s] Installing stereo_camera_node script to /home/warxen/ai_robot/ros2_ws/install/robot_camera/lib/robot_camera
[2.944s] writing list of installed files to '/home/warxen/ai_robot/ros2_ws/build/robot_camera/install.log'
[3.040s] Invoked command in '/home/warxen/ai_robot/ros2_ws/src/robot_camera' returned '0': NX_CONNECTION=192.168.1.126 10285 192.168.1.127 4000 PYTHONPATH=/home/warxen/ai_robot/ros2_ws/build/robot_camera/prefix_override:/usr/lib/python3/dist-packages/colcon_core/task/python/colcon_distutils_commands:/home/warxen/ai_robot/ros2_ws/install/robot_camera/lib/python3.10/site-packages:${PYTHONPATH} /usr/bin/python3 -W ignore:setup.py install is deprecated -W ignore:easy_install command is deprecated setup.py egg_info --egg-base ../../build/robot_camera build --build-base /home/warxen/ai_robot/ros2_ws/build/robot_camera/build install --record /home/warxen/ai_robot/ros2_ws/build/robot_camera/install.log --single-version-externally-managed install_data
