[2.305s] Invoking command in '/home/warxen/ai_robot/ros2_ws/src/robot_camera': NX_CONNECTION=192.168.1.126 10285 192.168.1.127 4000 PYTHONPATH=/home/warxen/ai_robot/ros2_ws/build/robot_camera/prefix_override:/usr/lib/python3/dist-packages/colcon_core/task/python/colcon_distutils_commands:/home/warxen/ai_robot/ros2_ws/install/robot_camera/lib/python3.10/site-packages:${PYTHONPATH} /usr/bin/python3 -W ignore:setup.py install is deprecated -W ignore:easy_install command is deprecated setup.py egg_info --egg-base ../../build/robot_camera build --build-base /home/warxen/ai_robot/ros2_ws/build/robot_camera/build install --record /home/warxen/ai_robot/ros2_ws/build/robot_camera/install.log --single-version-externally-managed install_data
[2.777s] running egg_info
[2.779s] writing ../../build/robot_camera/robot_camera.egg-info/PKG-INFO
[2.780s] writing dependency_links to ../../build/robot_camera/robot_camera.egg-info/dependency_links.txt
[2.780s] writing entry points to ../../build/robot_camera/robot_camera.egg-info/entry_points.txt
[2.780s] writing requirements to ../../build/robot_camera/robot_camera.egg-info/requires.txt
[2.781s] writing top-level names to ../../build/robot_camera/robot_camera.egg-info/top_level.txt
[2.784s] reading manifest file '../../build/robot_camera/robot_camera.egg-info/SOURCES.txt'
[2.786s] writing manifest file '../../build/robot_camera/robot_camera.egg-info/SOURCES.txt'
[2.786s] running build
[2.786s] running build_py
[2.786s] copying robot_camera/stereo_camera_node.py -> /home/warxen/ai_robot/ros2_ws/build/robot_camera/build/lib/robot_camera
[2.787s] running install
[2.788s] running install_lib
[2.789s] copying /home/warxen/ai_robot/ros2_ws/build/robot_camera/build/lib/robot_camera/stereo_camera_node.py -> /home/warxen/ai_robot/ros2_ws/install/robot_camera/lib/python3.10/site-packages/robot_camera
[2.790s] byte-compiling /home/warxen/ai_robot/ros2_ws/install/robot_camera/lib/python3.10/site-packages/robot_camera/stereo_camera_node.py to stereo_camera_node.cpython-310.pyc
[2.793s] running install_data
[2.793s] running install_egg_info
[2.797s] removing '/home/warxen/ai_robot/ros2_ws/install/robot_camera/lib/python3.10/site-packages/robot_camera-0.0.0-py3.10.egg-info' (and everything under it)
[2.798s] Copying ../../build/robot_camera/robot_camera.egg-info to /home/warxen/ai_robot/ros2_ws/install/robot_camera/lib/python3.10/site-packages/robot_camera-0.0.0-py3.10.egg-info
[2.800s] running install_scripts
[2.849s] Installing stereo_camera_node script to /home/warxen/ai_robot/ros2_ws/install/robot_camera/lib/robot_camera
[2.850s] writing list of installed files to '/home/warxen/ai_robot/ros2_ws/build/robot_camera/install.log'
[2.923s] Invoked command in '/home/warxen/ai_robot/ros2_ws/src/robot_camera' returned '0': NX_CONNECTION=192.168.1.126 10285 192.168.1.127 4000 PYTHONPATH=/home/warxen/ai_robot/ros2_ws/build/robot_camera/prefix_override:/usr/lib/python3/dist-packages/colcon_core/task/python/colcon_distutils_commands:/home/warxen/ai_robot/ros2_ws/install/robot_camera/lib/python3.10/site-packages:${PYTHONPATH} /usr/bin/python3 -W ignore:setup.py install is deprecated -W ignore:easy_install command is deprecated setup.py egg_info --egg-base ../../build/robot_camera build --build-base /home/warxen/ai_robot/ros2_ws/build/robot_camera/build install --record /home/warxen/ai_robot/ros2_ws/build/robot_camera/install.log --single-version-externally-managed install_data
