[1.228s] Invoking command in '/home/warxen/ai_robot/ros2_ws/src/robot_esp32_bridge': NX_CONNECTION=192.168.1.126 3823 192.168.1.127 4000 PYTHONPATH=/home/warxen/ai_robot/ros2_ws/build/robot_esp32_bridge/prefix_override:/usr/lib/python3/dist-packages/colcon_core/task/python/colcon_distutils_commands:/home/warxen/ai_robot/ros2_ws/install/robot_esp32_bridge/lib/python3.10/site-packages:${PYTHONPATH} /usr/bin/python3 -W ignore:setup.py install is deprecated -W ignore:easy_install command is deprecated setup.py egg_info --egg-base ../../build/robot_esp32_bridge build --build-base /home/warxen/ai_robot/ros2_ws/build/robot_esp32_bridge/build install --record /home/warxen/ai_robot/ros2_ws/build/robot_esp32_bridge/install.log --single-version-externally-managed install_data
[1.695s] running egg_info
[1.696s] creating ../../build/robot_esp32_bridge/robot_esp32_bridge.egg-info
[1.696s] writing ../../build/robot_esp32_bridge/robot_esp32_bridge.egg-info/PKG-INFO
[1.697s] writing dependency_links to ../../build/robot_esp32_bridge/robot_esp32_bridge.egg-info/dependency_links.txt
[1.697s] writing entry points to ../../build/robot_esp32_bridge/robot_esp32_bridge.egg-info/entry_points.txt
[1.697s] writing requirements to ../../build/robot_esp32_bridge/robot_esp32_bridge.egg-info/requires.txt
[1.697s] writing top-level names to ../../build/robot_esp32_bridge/robot_esp32_bridge.egg-info/top_level.txt
[1.698s] writing manifest file '../../build/robot_esp32_bridge/robot_esp32_bridge.egg-info/SOURCES.txt'
[1.701s] reading manifest file '../../build/robot_esp32_bridge/robot_esp32_bridge.egg-info/SOURCES.txt'
[1.703s] writing manifest file '../../build/robot_esp32_bridge/robot_esp32_bridge.egg-info/SOURCES.txt'
[1.703s] running build
[1.703s] running build_py
[1.704s] creating /home/warxen/ai_robot/ros2_ws/build/robot_esp32_bridge/build
[1.704s] creating /home/warxen/ai_robot/ros2_ws/build/robot_esp32_bridge/build/lib
[1.704s] creating /home/warxen/ai_robot/ros2_ws/build/robot_esp32_bridge/build/lib/robot_esp32_bridge
[1.704s] copying robot_esp32_bridge/head_state_manager.py -> /home/warxen/ai_robot/ros2_ws/build/robot_esp32_bridge/build/lib/robot_esp32_bridge
[1.704s] copying robot_esp32_bridge/__init__.py -> /home/warxen/ai_robot/ros2_ws/build/robot_esp32_bridge/build/lib/robot_esp32_bridge
[1.704s] copying robot_esp32_bridge/drive_bridge_node.py -> /home/warxen/ai_robot/ros2_ws/build/robot_esp32_bridge/build/lib/robot_esp32_bridge
[1.705s] copying robot_esp32_bridge/esp32_bridge_node.py -> /home/warxen/ai_robot/ros2_ws/build/robot_esp32_bridge/build/lib/robot_esp32_bridge
[1.705s] copying robot_esp32_bridge/esp32_protocol.py -> /home/warxen/ai_robot/ros2_ws/build/robot_esp32_bridge/build/lib/robot_esp32_bridge
[1.705s] copying robot_esp32_bridge/neck_demo_publisher.py -> /home/warxen/ai_robot/ros2_ws/build/robot_esp32_bridge/build/lib/robot_esp32_bridge
[1.705s] copying robot_esp32_bridge/head_demo_publisher.py -> /home/warxen/ai_robot/ros2_ws/build/robot_esp32_bridge/build/lib/robot_esp32_bridge
[1.706s] copying robot_esp32_bridge/neck_bridge_node.py -> /home/warxen/ai_robot/ros2_ws/build/robot_esp32_bridge/build/lib/robot_esp32_bridge
[1.706s] copying robot_esp32_bridge/neck_state_manager.py -> /home/warxen/ai_robot/ros2_ws/build/robot_esp32_bridge/build/lib/robot_esp32_bridge
[1.706s] copying robot_esp32_bridge/robot_drive.py -> /home/warxen/ai_robot/ros2_ws/build/robot_esp32_bridge/build/lib/robot_esp32_bridge
[1.707s] running install
[1.707s] running install_lib
[1.709s] creating /home/warxen/ai_robot/ros2_ws/install/robot_esp32_bridge/lib/python3.10/site-packages/robot_esp32_bridge
[1.709s] copying /home/warxen/ai_robot/ros2_ws/build/robot_esp32_bridge/build/lib/robot_esp32_bridge/head_state_manager.py -> /home/warxen/ai_robot/ros2_ws/install/robot_esp32_bridge/lib/python3.10/site-packages/robot_esp32_bridge
[1.709s] copying /home/warxen/ai_robot/ros2_ws/build/robot_esp32_bridge/build/lib/robot_esp32_bridge/__init__.py -> /home/warxen/ai_robot/ros2_ws/install/robot_esp32_bridge/lib/python3.10/site-packages/robot_esp32_bridge
[1.710s] copying /home/warxen/ai_robot/ros2_ws/build/robot_esp32_bridge/build/lib/robot_esp32_bridge/drive_bridge_node.py -> /home/warxen/ai_robot/ros2_ws/install/robot_esp32_bridge/lib/python3.10/site-packages/robot_esp32_bridge
[1.710s] copying /home/warxen/ai_robot/ros2_ws/build/robot_esp32_bridge/build/lib/robot_esp32_bridge/esp32_bridge_node.py -> /home/warxen/ai_robot/ros2_ws/install/robot_esp32_bridge/lib/python3.10/site-packages/robot_esp32_bridge
[1.710s] copying /home/warxen/ai_robot/ros2_ws/build/robot_esp32_bridge/build/lib/robot_esp32_bridge/esp32_protocol.py -> /home/warxen/ai_robot/ros2_ws/install/robot_esp32_bridge/lib/python3.10/site-packages/robot_esp32_bridge
[1.710s] copying /home/warxen/ai_robot/ros2_ws/build/robot_esp32_bridge/build/lib/robot_esp32_bridge/neck_demo_publisher.py -> /home/warxen/ai_robot/ros2_ws/install/robot_esp32_bridge/lib/python3.10/site-packages/robot_esp32_bridge
[1.711s] copying /home/warxen/ai_robot/ros2_ws/build/robot_esp32_bridge/build/lib/robot_esp32_bridge/head_demo_publisher.py -> /home/warxen/ai_robot/ros2_ws/install/robot_esp32_bridge/lib/python3.10/site-packages/robot_esp32_bridge
[1.711s] copying /home/warxen/ai_robot/ros2_ws/build/robot_esp32_bridge/build/lib/robot_esp32_bridge/neck_bridge_node.py -> /home/warxen/ai_robot/ros2_ws/install/robot_esp32_bridge/lib/python3.10/site-packages/robot_esp32_bridge
[1.711s] copying /home/warxen/ai_robot/ros2_ws/build/robot_esp32_bridge/build/lib/robot_esp32_bridge/neck_state_manager.py -> /home/warxen/ai_robot/ros2_ws/install/robot_esp32_bridge/lib/python3.10/site-packages/robot_esp32_bridge
[1.711s] copying /home/warxen/ai_robot/ros2_ws/build/robot_esp32_bridge/build/lib/robot_esp32_bridge/robot_drive.py -> /home/warxen/ai_robot/ros2_ws/install/robot_esp32_bridge/lib/python3.10/site-packages/robot_esp32_bridge
[1.713s] byte-compiling /home/warxen/ai_robot/ros2_ws/install/robot_esp32_bridge/lib/python3.10/site-packages/robot_esp32_bridge/head_state_manager.py to head_state_manager.cpython-310.pyc
[1.715s] byte-compiling /home/warxen/ai_robot/ros2_ws/install/robot_esp32_bridge/lib/python3.10/site-packages/robot_esp32_bridge/__init__.py to __init__.cpython-310.pyc
[1.715s] byte-compiling /home/warxen/ai_robot/ros2_ws/install/robot_esp32_bridge/lib/python3.10/site-packages/robot_esp32_bridge/drive_bridge_node.py to drive_bridge_node.cpython-310.pyc
[1.717s] byte-compiling /home/warxen/ai_robot/ros2_ws/install/robot_esp32_bridge/lib/python3.10/site-packages/robot_esp32_bridge/esp32_bridge_node.py to esp32_bridge_node.cpython-310.pyc
[1.718s] byte-compiling /home/warxen/ai_robot/ros2_ws/install/robot_esp32_bridge/lib/python3.10/site-packages/robot_esp32_bridge/esp32_protocol.py to esp32_protocol.cpython-310.pyc
[1.720s] byte-compiling /home/warxen/ai_robot/ros2_ws/install/robot_esp32_bridge/lib/python3.10/site-packages/robot_esp32_bridge/neck_demo_publisher.py to neck_demo_publisher.cpython-310.pyc
[1.721s] byte-compiling /home/warxen/ai_robot/ros2_ws/install/robot_esp32_bridge/lib/python3.10/site-packages/robot_esp32_bridge/head_demo_publisher.py to head_demo_publisher.cpython-310.pyc
[1.721s] byte-compiling /home/warxen/ai_robot/ros2_ws/install/robot_esp32_bridge/lib/python3.10/site-packages/robot_esp32_bridge/neck_bridge_node.py to neck_bridge_node.cpython-310.pyc
[1.722s] byte-compiling /home/warxen/ai_robot/ros2_ws/install/robot_esp32_bridge/lib/python3.10/site-packages/robot_esp32_bridge/neck_state_manager.py to neck_state_manager.cpython-310.pyc
[1.724s] byte-compiling /home/warxen/ai_robot/ros2_ws/install/robot_esp32_bridge/lib/python3.10/site-packages/robot_esp32_bridge/robot_drive.py to robot_drive.cpython-310.pyc
[1.726s] running install_data
[1.726s] creating /home/warxen/ai_robot/ros2_ws/install/robot_esp32_bridge/share/ament_index
[1.726s] creating /home/warxen/ai_robot/ros2_ws/install/robot_esp32_bridge/share/ament_index/resource_index
[1.726s] creating /home/warxen/ai_robot/ros2_ws/install/robot_esp32_bridge/share/ament_index/resource_index/packages
[1.726s] copying resource/robot_esp32_bridge -> /home/warxen/ai_robot/ros2_ws/install/robot_esp32_bridge/share/ament_index/resource_index/packages
[1.726s] copying package.xml -> /home/warxen/ai_robot/ros2_ws/install/robot_esp32_bridge/share/robot_esp32_bridge
[1.727s] running install_egg_info
[1.730s] Copying ../../build/robot_esp32_bridge/robot_esp32_bridge.egg-info to /home/warxen/ai_robot/ros2_ws/install/robot_esp32_bridge/lib/python3.10/site-packages/robot_esp32_bridge-0.0.1-py3.10.egg-info
[1.732s] running install_scripts
[1.777s] Installing drive_bridge_node script to /home/warxen/ai_robot/ros2_ws/install/robot_esp32_bridge/lib/robot_esp32_bridge
[1.777s] Installing esp32_bridge_node script to /home/warxen/ai_robot/ros2_ws/install/robot_esp32_bridge/lib/robot_esp32_bridge
[1.778s] Installing head_demo_publisher script to /home/warxen/ai_robot/ros2_ws/install/robot_esp32_bridge/lib/robot_esp32_bridge
[1.778s] Installing head_state_manager script to /home/warxen/ai_robot/ros2_ws/install/robot_esp32_bridge/lib/robot_esp32_bridge
[1.778s] Installing neck_bridge_node script to /home/warxen/ai_robot/ros2_ws/install/robot_esp32_bridge/lib/robot_esp32_bridge
[1.778s] Installing neck_demo_publisher script to /home/warxen/ai_robot/ros2_ws/install/robot_esp32_bridge/lib/robot_esp32_bridge
[1.778s] Installing neck_state_manager script to /home/warxen/ai_robot/ros2_ws/install/robot_esp32_bridge/lib/robot_esp32_bridge
[1.779s] writing list of installed files to '/home/warxen/ai_robot/ros2_ws/build/robot_esp32_bridge/install.log'
[1.845s] Invoked command in '/home/warxen/ai_robot/ros2_ws/src/robot_esp32_bridge' returned '0': NX_CONNECTION=192.168.1.126 3823 192.168.1.127 4000 PYTHONPATH=/home/warxen/ai_robot/ros2_ws/build/robot_esp32_bridge/prefix_override:/usr/lib/python3/dist-packages/colcon_core/task/python/colcon_distutils_commands:/home/warxen/ai_robot/ros2_ws/install/robot_esp32_bridge/lib/python3.10/site-packages:${PYTHONPATH} /usr/bin/python3 -W ignore:setup.py install is deprecated -W ignore:easy_install command is deprecated setup.py egg_info --egg-base ../../build/robot_esp32_bridge build --build-base /home/warxen/ai_robot/ros2_ws/build/robot_esp32_bridge/build install --record /home/warxen/ai_robot/ros2_ws/build/robot_esp32_bridge/install.log --single-version-externally-managed install_data
