[2.561s] Invoking command in '/home/warxen/ai_robot/ros2_ws/src/robot_bringup': NX_CONNECTION=192.168.1.126 2425 192.168.1.127 4000 PYTHONPATH=/home/warxen/ai_robot/ros2_ws/build/robot_bringup/prefix_override:/usr/lib/python3/dist-packages/colcon_core/task/python/colcon_distutils_commands:/home/warxen/ai_robot/ros2_ws/install/robot_bringup/lib/python3.10/site-packages:${PYTHONPATH} /usr/bin/python3 -W ignore:setup.py install is deprecated -W ignore:easy_install command is deprecated setup.py egg_info --egg-base ../../build/robot_bringup build --build-base /home/warxen/ai_robot/ros2_ws/build/robot_bringup/build install --record /home/warxen/ai_robot/ros2_ws/build/robot_bringup/install.log --single-version-externally-managed install_data
[3.076s] running egg_info
[3.078s] writing ../../build/robot_bringup/robot_bringup.egg-info/PKG-INFO
[3.079s] writing dependency_links to ../../build/robot_bringup/robot_bringup.egg-info/dependency_links.txt
[3.079s] writing entry points to ../../build/robot_bringup/robot_bringup.egg-info/entry_points.txt
[3.080s] writing requirements to ../../build/robot_bringup/robot_bringup.egg-info/requires.txt
[3.080s] writing top-level names to ../../build/robot_bringup/robot_bringup.egg-info/top_level.txt
[3.084s] reading manifest file '../../build/robot_bringup/robot_bringup.egg-info/SOURCES.txt'
[3.086s] writing manifest file '../../build/robot_bringup/robot_bringup.egg-info/SOURCES.txt'
[3.086s] running build
[3.086s] running build_py
[3.087s] running install
[3.088s] running install_lib
[3.091s] running install_data
[3.092s] copying launch/robot_assistant_full.launch.py -> /home/warxen/ai_robot/ros2_ws/install/robot_bringup/share/robot_bringup/launch
[3.092s] running install_egg_info
[3.096s] removing '/home/warxen/ai_robot/ros2_ws/install/robot_bringup/lib/python3.10/site-packages/robot_bringup-0.0.0-py3.10.egg-info' (and everything under it)
[3.096s] Copying ../../build/robot_bringup/robot_bringup.egg-info to /home/warxen/ai_robot/ros2_ws/install/robot_bringup/lib/python3.10/site-packages/robot_bringup-0.0.0-py3.10.egg-info
[3.099s] running install_scripts
[3.151s] writing list of installed files to '/home/warxen/ai_robot/ros2_ws/build/robot_bringup/install.log'
[3.263s] Invoked command in '/home/warxen/ai_robot/ros2_ws/src/robot_bringup' returned '0': NX_CONNECTION=192.168.1.126 2425 192.168.1.127 4000 PYTHONPATH=/home/warxen/ai_robot/ros2_ws/build/robot_bringup/prefix_override:/usr/lib/python3/dist-packages/colcon_core/task/python/colcon_distutils_commands:/home/warxen/ai_robot/ros2_ws/install/robot_bringup/lib/python3.10/site-packages:${PYTHONPATH} /usr/bin/python3 -W ignore:setup.py install is deprecated -W ignore:easy_install command is deprecated setup.py egg_info --egg-base ../../build/robot_bringup build --build-base /home/warxen/ai_robot/ros2_ws/build/robot_bringup/build install --record /home/warxen/ai_robot/ros2_ws/build/robot_bringup/install.log --single-version-externally-managed install_data
