/home/warxen/ai_robot/ros2_ws/install/robot_vision_assistant/lib/python3.10/site-packages/robot_vision_assistant/asr_node.py
/home/warxen/ai_robot/ros2_ws/install/robot_vision_assistant/lib/python3.10/site-packages/robot_vision_assistant/__init__.py
/home/warxen/ai_robot/ros2_ws/install/robot_vision_assistant/lib/python3.10/site-packages/robot_vision_assistant/voice_led_bridge_node.py
/home/warxen/ai_robot/ros2_ws/install/robot_vision_assistant/lib/python3.10/site-packages/robot_vision_assistant/voice_manager_node.py
/home/warxen/ai_robot/ros2_ws/install/robot_vision_assistant/lib/python3.10/site-packages/robot_vision_assistant/memory_store.py
/home/warxen/ai_robot/ros2_ws/install/robot_vision_assistant/lib/python3.10/site-packages/robot_vision_assistant/vision_assistant_node.py
/home/warxen/ai_robot/ros2_ws/install/robot_vision_assistant/lib/python3.10/site-packages/robot_vision_assistant/local_perception_node.py
/home/warxen/ai_robot/ros2_ws/install/robot_vision_assistant/lib/python3.10/site-packages/robot_vision_assistant/tts_node.py
/home/warxen/ai_robot/ros2_ws/install/robot_vision_assistant/lib/python3.10/site-packages/robot_vision_assistant/yolo_perception_node.py
/home/warxen/ai_robot/ros2_ws/install/robot_vision_assistant/lib/python3.10/site-packages/robot_vision_assistant/__pycache__/asr_node.cpython-310.pyc
/home/warxen/ai_robot/ros2_ws/install/robot_vision_assistant/lib/python3.10/site-packages/robot_vision_assistant/__pycache__/__init__.cpython-310.pyc
/home/warxen/ai_robot/ros2_ws/install/robot_vision_assistant/lib/python3.10/site-packages/robot_vision_assistant/__pycache__/voice_led_bridge_node.cpython-310.pyc
/home/warxen/ai_robot/ros2_ws/install/robot_vision_assistant/lib/python3.10/site-packages/robot_vision_assistant/__pycache__/voice_manager_node.cpython-310.pyc
/home/warxen/ai_robot/ros2_ws/install/robot_vision_assistant/lib/python3.10/site-packages/robot_vision_assistant/__pycache__/memory_store.cpython-310.pyc
/home/warxen/ai_robot/ros2_ws/install/robot_vision_assistant/lib/python3.10/site-packages/robot_vision_assistant/__pycache__/vision_assistant_node.cpython-310.pyc
/home/warxen/ai_robot/ros2_ws/install/robot_vision_assistant/lib/python3.10/site-packages/robot_vision_assistant/__pycache__/local_perception_node.cpython-310.pyc
/home/warxen/ai_robot/ros2_ws/install/robot_vision_assistant/lib/python3.10/site-packages/robot_vision_assistant/__pycache__/tts_node.cpython-310.pyc
/home/warxen/ai_robot/ros2_ws/install/robot_vision_assistant/lib/python3.10/site-packages/robot_vision_assistant/__pycache__/yolo_perception_node.cpython-310.pyc
/home/warxen/ai_robot/ros2_ws/install/robot_vision_assistant/share/ament_index/resource_index/packages/robot_vision_assistant
/home/warxen/ai_robot/ros2_ws/install/robot_vision_assistant/share/robot_vision_assistant/package.xml
/home/warxen/ai_robot/ros2_ws/install/robot_vision_assistant/share/robot_vision_assistant/launch/local_perception.launch.py
/home/warxen/ai_robot/ros2_ws/install/robot_vision_assistant/share/robot_vision_assistant/launch/voice_manager.launch.py
/home/warxen/ai_robot/ros2_ws/install/robot_vision_assistant/share/robot_vision_assistant/launch/vision_assistant.launch.py
/home/warxen/ai_robot/ros2_ws/install/robot_vision_assistant/share/robot_vision_assistant/launch/voice_led_bridge.launch.py
/home/warxen/ai_robot/ros2_ws/install/robot_vision_assistant/share/robot_vision_assistant/launch/local_assistant.launch.py
/home/warxen/ai_robot/ros2_ws/install/robot_vision_assistant/share/robot_vision_assistant/launch/asr.launch.py
/home/warxen/ai_robot/ros2_ws/install/robot_vision_assistant/share/robot_vision_assistant/launch/tts.launch.py
/home/warxen/ai_robot/ros2_ws/install/robot_vision_assistant/share/robot_vision_assistant/launch/yolo_perception.launch.py
/home/warxen/ai_robot/ros2_ws/install/robot_vision_assistant/lib/python3.10/site-packages/robot_vision_assistant-0.0.1-py3.10.egg-info/entry_points.txt
/home/warxen/ai_robot/ros2_ws/install/robot_vision_assistant/lib/python3.10/site-packages/robot_vision_assistant-0.0.1-py3.10.egg-info/dependency_links.txt
/home/warxen/ai_robot/ros2_ws/install/robot_vision_assistant/lib/python3.10/site-packages/robot_vision_assistant-0.0.1-py3.10.egg-info/top_level.txt
/home/warxen/ai_robot/ros2_ws/install/robot_vision_assistant/lib/python3.10/site-packages/robot_vision_assistant-0.0.1-py3.10.egg-info/requires.txt
/home/warxen/ai_robot/ros2_ws/install/robot_vision_assistant/lib/python3.10/site-packages/robot_vision_assistant-0.0.1-py3.10.egg-info/zip-safe
/home/warxen/ai_robot/ros2_ws/install/robot_vision_assistant/lib/python3.10/site-packages/robot_vision_assistant-0.0.1-py3.10.egg-info/PKG-INFO
/home/warxen/ai_robot/ros2_ws/install/robot_vision_assistant/lib/python3.10/site-packages/robot_vision_assistant-0.0.1-py3.10.egg-info/SOURCES.txt
/home/warxen/ai_robot/ros2_ws/install/robot_vision_assistant/lib/robot_vision_assistant/asr_node
/home/warxen/ai_robot/ros2_ws/install/robot_vision_assistant/lib/robot_vision_assistant/local_perception_node
/home/warxen/ai_robot/ros2_ws/install/robot_vision_assistant/lib/robot_vision_assistant/tts_node
/home/warxen/ai_robot/ros2_ws/install/robot_vision_assistant/lib/robot_vision_assistant/vision_assistant_node
/home/warxen/ai_robot/ros2_ws/install/robot_vision_assistant/lib/robot_vision_assistant/voice_led_bridge_node
/home/warxen/ai_robot/ros2_ws/install/robot_vision_assistant/lib/robot_vision_assistant/voice_manager_node
/home/warxen/ai_robot/ros2_ws/install/robot_vision_assistant/lib/robot_vision_assistant/yolo_perception_node
