[18.653s] Invoking command in '/home/warxen/ai_robot/ros2_ws/src/robot_camera': NX_CONNECTION=192.168.1.126 10285 192.168.1.127 4000 PYTHONPATH=/home/warxen/ai_robot/ros2_ws/build/robot_camera/prefix_override:/usr/lib/python3/dist-packages/colcon_core/task/python/colcon_distutils_commands:/home/warxen/ai_robot/ros2_ws/install/robot_camera/lib/python3.10/site-packages:${PYTHONPATH} /usr/bin/python3 -W ignore:setup.py install is deprecated -W ignore:easy_install command is deprecated setup.py egg_info --egg-base ../../build/robot_camera build --build-base /home/warxen/ai_robot/ros2_ws/build/robot_camera/build install --record /home/warxen/ai_robot/ros2_ws/build/robot_camera/install.log --single-version-externally-managed install_data
[19.110s] running egg_info
[19.111s] writing ../../build/robot_camera/robot_camera.egg-info/PKG-INFO
[19.111s] writing dependency_links to ../../build/robot_camera/robot_camera.egg-info/dependency_links.txt
[19.112s] writing entry points to ../../build/robot_camera/robot_camera.egg-info/entry_points.txt
[19.112s] writing requirements to ../../build/robot_camera/robot_camera.egg-info/requires.txt
[19.112s] writing top-level names to ../../build/robot_camera/robot_camera.egg-info/top_level.txt
[19.116s] reading manifest file '../../build/robot_camera/robot_camera.egg-info/SOURCES.txt'
[19.118s] writing manifest file '../../build/robot_camera/robot_camera.egg-info/SOURCES.txt'
[19.118s] running build
[19.118s] running build_py
[19.119s] running install
[19.120s] running install_lib
[19.123s] running install_data
[19.123s] running install_egg_info
[19.127s] removing '/home/warxen/ai_robot/ros2_ws/install/robot_camera/lib/python3.10/site-packages/robot_camera-0.0.0-py3.10.egg-info' (and everything under it)
[19.128s] Copying ../../build/robot_camera/robot_camera.egg-info to /home/warxen/ai_robot/ros2_ws/install/robot_camera/lib/python3.10/site-packages/robot_camera-0.0.0-py3.10.egg-info
[19.131s] running install_scripts
[19.174s] Installing stereo_camera_node script to /home/warxen/ai_robot/ros2_ws/install/robot_camera/lib/robot_camera
[19.174s] writing list of installed files to '/home/warxen/ai_robot/ros2_ws/build/robot_camera/install.log'
[19.242s] Invoked command in '/home/warxen/ai_robot/ros2_ws/src/robot_camera' returned '0': NX_CONNECTION=192.168.1.126 10285 192.168.1.127 4000 PYTHONPATH=/home/warxen/ai_robot/ros2_ws/build/robot_camera/prefix_override:/usr/lib/python3/dist-packages/colcon_core/task/python/colcon_distutils_commands:/home/warxen/ai_robot/ros2_ws/install/robot_camera/lib/python3.10/site-packages:${PYTHONPATH} /usr/bin/python3 -W ignore:setup.py install is deprecated -W ignore:easy_install command is deprecated setup.py egg_info --egg-base ../../build/robot_camera build --build-base /home/warxen/ai_robot/ros2_ws/build/robot_camera/build install --record /home/warxen/ai_robot/ros2_ws/build/robot_camera/install.log --single-version-externally-managed install_data
