[1.258s] Invoking command in '/home/warxen/ai_robot/ros2_ws/src/robot_camera': NX_CONNECTION=192.168.1.126 10285 192.168.1.127 4000 PYTHONPATH=/home/warxen/ai_robot/ros2_ws/build/robot_camera/prefix_override:/usr/lib/python3/dist-packages/colcon_core/task/python/colcon_distutils_commands:/home/warxen/ai_robot/ros2_ws/install/robot_camera/lib/python3.10/site-packages:${PYTHONPATH} /usr/bin/python3 -W ignore:setup.py install is deprecated -W ignore:easy_install command is deprecated setup.py egg_info --egg-base ../../build/robot_camera build --build-base /home/warxen/ai_robot/ros2_ws/build/robot_camera/build install --record /home/warxen/ai_robot/ros2_ws/build/robot_camera/install.log --single-version-externally-managed install_data
[1.719s] running egg_info
[1.720s] writing ../../build/robot_camera/robot_camera.egg-info/PKG-INFO
[1.721s] writing dependency_links to ../../build/robot_camera/robot_camera.egg-info/dependency_links.txt
[1.721s] writing entry points to ../../build/robot_camera/robot_camera.egg-info/entry_points.txt
[1.721s] writing requirements to ../../build/robot_camera/robot_camera.egg-info/requires.txt
[1.722s] writing top-level names to ../../build/robot_camera/robot_camera.egg-info/top_level.txt
[1.725s] reading manifest file '../../build/robot_camera/robot_camera.egg-info/SOURCES.txt'
[1.727s] writing manifest file '../../build/robot_camera/robot_camera.egg-info/SOURCES.txt'
[1.727s] running build
[1.727s] running build_py
[1.727s] copying robot_camera/stereo_camera_node.py -> /home/warxen/ai_robot/ros2_ws/build/robot_camera/build/lib/robot_camera
[1.728s] running install
[1.729s] running install_lib
[1.730s] copying /home/warxen/ai_robot/ros2_ws/build/robot_camera/build/lib/robot_camera/stereo_camera_node.py -> /home/warxen/ai_robot/ros2_ws/install/robot_camera/lib/python3.10/site-packages/robot_camera
[1.731s] byte-compiling /home/warxen/ai_robot/ros2_ws/install/robot_camera/lib/python3.10/site-packages/robot_camera/stereo_camera_node.py to stereo_camera_node.cpython-310.pyc
[1.734s] running install_data
[1.734s] copying launch/stereo_camera.launch.py -> /home/warxen/ai_robot/ros2_ws/install/robot_camera/share/robot_camera/launch
[1.735s] running install_egg_info
[1.739s] removing '/home/warxen/ai_robot/ros2_ws/install/robot_camera/lib/python3.10/site-packages/robot_camera-0.0.0-py3.10.egg-info' (and everything under it)
[1.740s] Copying ../../build/robot_camera/robot_camera.egg-info to /home/warxen/ai_robot/ros2_ws/install/robot_camera/lib/python3.10/site-packages/robot_camera-0.0.0-py3.10.egg-info
[1.742s] running install_scripts
[1.788s] Installing stereo_camera_node script to /home/warxen/ai_robot/ros2_ws/install/robot_camera/lib/robot_camera
[1.788s] writing list of installed files to '/home/warxen/ai_robot/ros2_ws/build/robot_camera/install.log'
[1.857s] Invoked command in '/home/warxen/ai_robot/ros2_ws/src/robot_camera' returned '0': NX_CONNECTION=192.168.1.126 10285 192.168.1.127 4000 PYTHONPATH=/home/warxen/ai_robot/ros2_ws/build/robot_camera/prefix_override:/usr/lib/python3/dist-packages/colcon_core/task/python/colcon_distutils_commands:/home/warxen/ai_robot/ros2_ws/install/robot_camera/lib/python3.10/site-packages:${PYTHONPATH} /usr/bin/python3 -W ignore:setup.py install is deprecated -W ignore:easy_install command is deprecated setup.py egg_info --egg-base ../../build/robot_camera build --build-base /home/warxen/ai_robot/ros2_ws/build/robot_camera/build install --record /home/warxen/ai_robot/ros2_ws/build/robot_camera/install.log --single-version-externally-managed install_data
