[1.595s] Invoking command in '/home/warxen/ai_robot/ros2_ws/src/robot_vision_assistant': NX_CONNECTION=192.168.1.126 8825 192.168.1.127 4000 PYTHONPATH=/home/warxen/ai_robot/ros2_ws/build/robot_vision_assistant/prefix_override:/usr/lib/python3/dist-packages/colcon_core/task/python/colcon_distutils_commands:/home/warxen/ai_robot/ros2_ws/install/robot_vision_assistant/lib/python3.10/site-packages:${PYTHONPATH} /usr/bin/python3 -W ignore:setup.py install is deprecated -W ignore:easy_install command is deprecated setup.py egg_info --egg-base ../../build/robot_vision_assistant build --build-base /home/warxen/ai_robot/ros2_ws/build/robot_vision_assistant/build install --record /home/warxen/ai_robot/ros2_ws/build/robot_vision_assistant/install.log --single-version-externally-managed install_data
[2.224s] running egg_info
[2.225s] writing ../../build/robot_vision_assistant/robot_vision_assistant.egg-info/PKG-INFO
[2.226s] writing dependency_links to ../../build/robot_vision_assistant/robot_vision_assistant.egg-info/dependency_links.txt
[2.226s] writing entry points to ../../build/robot_vision_assistant/robot_vision_assistant.egg-info/entry_points.txt
[2.226s] writing requirements to ../../build/robot_vision_assistant/robot_vision_assistant.egg-info/requires.txt
[2.227s] writing top-level names to ../../build/robot_vision_assistant/robot_vision_assistant.egg-info/top_level.txt
[2.232s] reading manifest file '../../build/robot_vision_assistant/robot_vision_assistant.egg-info/SOURCES.txt'
[2.234s] writing manifest file '../../build/robot_vision_assistant/robot_vision_assistant.egg-info/SOURCES.txt'
[2.234s] running build
[2.235s] running build_py
[2.235s] copying robot_vision_assistant/voice_manager_node.py -> /home/warxen/ai_robot/ros2_ws/build/robot_vision_assistant/build/lib/robot_vision_assistant
[2.236s] copying robot_vision_assistant/tts_node.py -> /home/warxen/ai_robot/ros2_ws/build/robot_vision_assistant/build/lib/robot_vision_assistant
[2.239s] running install
[2.240s] running install_lib
[2.240s] copying /home/warxen/ai_robot/ros2_ws/build/robot_vision_assistant/build/lib/robot_vision_assistant/voice_manager_node.py -> /home/warxen/ai_robot/ros2_ws/install/robot_vision_assistant/lib/python3.10/site-packages/robot_vision_assistant
[2.240s] copying /home/warxen/ai_robot/ros2_ws/build/robot_vision_assistant/build/lib/robot_vision_assistant/tts_node.py -> /home/warxen/ai_robot/ros2_ws/install/robot_vision_assistant/lib/python3.10/site-packages/robot_vision_assistant
[2.244s] byte-compiling /home/warxen/ai_robot/ros2_ws/install/robot_vision_assistant/lib/python3.10/site-packages/robot_vision_assistant/voice_manager_node.py to voice_manager_node.cpython-310.pyc
[2.247s] byte-compiling /home/warxen/ai_robot/ros2_ws/install/robot_vision_assistant/lib/python3.10/site-packages/robot_vision_assistant/tts_node.py to tts_node.cpython-310.pyc
[2.248s] running install_data
[2.248s] copying launch/voice_manager.launch.py -> /home/warxen/ai_robot/ros2_ws/install/robot_vision_assistant/share/robot_vision_assistant/launch
[2.248s] copying launch/tts.launch.py -> /home/warxen/ai_robot/ros2_ws/install/robot_vision_assistant/share/robot_vision_assistant/launch
[2.249s] running install_egg_info
[2.255s] removing '/home/warxen/ai_robot/ros2_ws/install/robot_vision_assistant/lib/python3.10/site-packages/robot_vision_assistant-0.0.1-py3.10.egg-info' (and everything under it)
[2.255s] Copying ../../build/robot_vision_assistant/robot_vision_assistant.egg-info to /home/warxen/ai_robot/ros2_ws/install/robot_vision_assistant/lib/python3.10/site-packages/robot_vision_assistant-0.0.1-py3.10.egg-info
[2.258s] running install_scripts
[2.310s] Installing asr_node script to /home/warxen/ai_robot/ros2_ws/install/robot_vision_assistant/lib/robot_vision_assistant
[2.312s] Installing local_perception_node script to /home/warxen/ai_robot/ros2_ws/install/robot_vision_assistant/lib/robot_vision_assistant
[2.312s] Installing tts_node script to /home/warxen/ai_robot/ros2_ws/install/robot_vision_assistant/lib/robot_vision_assistant
[2.312s] Installing vision_assistant_node script to /home/warxen/ai_robot/ros2_ws/install/robot_vision_assistant/lib/robot_vision_assistant
[2.313s] Installing voice_manager_node script to /home/warxen/ai_robot/ros2_ws/install/robot_vision_assistant/lib/robot_vision_assistant
[2.313s] Installing yolo_perception_node script to /home/warxen/ai_robot/ros2_ws/install/robot_vision_assistant/lib/robot_vision_assistant
[2.314s] writing list of installed files to '/home/warxen/ai_robot/ros2_ws/build/robot_vision_assistant/install.log'
[2.392s] Invoked command in '/home/warxen/ai_robot/ros2_ws/src/robot_vision_assistant' returned '0': NX_CONNECTION=192.168.1.126 8825 192.168.1.127 4000 PYTHONPATH=/home/warxen/ai_robot/ros2_ws/build/robot_vision_assistant/prefix_override:/usr/lib/python3/dist-packages/colcon_core/task/python/colcon_distutils_commands:/home/warxen/ai_robot/ros2_ws/install/robot_vision_assistant/lib/python3.10/site-packages:${PYTHONPATH} /usr/bin/python3 -W ignore:setup.py install is deprecated -W ignore:easy_install command is deprecated setup.py egg_info --egg-base ../../build/robot_vision_assistant build --build-base /home/warxen/ai_robot/ros2_ws/build/robot_vision_assistant/build install --record /home/warxen/ai_robot/ros2_ws/build/robot_vision_assistant/install.log --single-version-externally-managed install_data
