running egg_info
writing ../../build/robot_camera/robot_camera.egg-info/PKG-INFO
writing dependency_links to ../../build/robot_camera/robot_camera.egg-info/dependency_links.txt
writing entry points to ../../build/robot_camera/robot_camera.egg-info/entry_points.txt
writing requirements to ../../build/robot_camera/robot_camera.egg-info/requires.txt
writing top-level names to ../../build/robot_camera/robot_camera.egg-info/top_level.txt
reading manifest file '../../build/robot_camera/robot_camera.egg-info/SOURCES.txt'
writing manifest file '../../build/robot_camera/robot_camera.egg-info/SOURCES.txt'
running build
running build_py
copying robot_camera/stereo_camera_node.py -> /home/warxen/ai_robot/ros2_ws/build/robot_camera/build/lib/robot_camera
running install
running install_lib
copying /home/warxen/ai_robot/ros2_ws/build/robot_camera/build/lib/robot_camera/stereo_camera_node.py -> /home/warxen/ai_robot/ros2_ws/install/robot_camera/lib/python3.10/site-packages/robot_camera
byte-compiling /home/warxen/ai_robot/ros2_ws/install/robot_camera/lib/python3.10/site-packages/robot_camera/stereo_camera_node.py to stereo_camera_node.cpython-310.pyc
running install_data
creating /home/warxen/ai_robot/ros2_ws/install/robot_camera/share/robot_camera/launch
copying launch/stereo_camera.launch.py -> /home/warxen/ai_robot/ros2_ws/install/robot_camera/share/robot_camera/launch
running install_egg_info
removing '/home/warxen/ai_robot/ros2_ws/install/robot_camera/lib/python3.10/site-packages/robot_camera-0.0.0-py3.10.egg-info' (and everything under it)
Copying ../../build/robot_camera/robot_camera.egg-info to /home/warxen/ai_robot/ros2_ws/install/robot_camera/lib/python3.10/site-packages/robot_camera-0.0.0-py3.10.egg-info
running install_scripts
Installing stereo_camera_node script to /home/warxen/ai_robot/ros2_ws/install/robot_camera/lib/robot_camera
writing list of installed files to '/home/warxen/ai_robot/ros2_ws/build/robot_camera/install.log'
