[1.316s] Invoking command in '/home/warxen/ai_robot/ros2_ws/src/robot_vision_assistant': NX_CONNECTION=192.168.1.126 8825 192.168.1.127 4000 PYTHONPATH=/home/warxen/ai_robot/ros2_ws/build/robot_vision_assistant/prefix_override:/usr/lib/python3/dist-packages/colcon_core/task/python/colcon_distutils_commands:/home/warxen/ai_robot/ros2_ws/install/robot_vision_assistant/lib/python3.10/site-packages:${PYTHONPATH} /usr/bin/python3 -W ignore:setup.py install is deprecated -W ignore:easy_install command is deprecated setup.py egg_info --egg-base ../../build/robot_vision_assistant build --build-base /home/warxen/ai_robot/ros2_ws/build/robot_vision_assistant/build install --record /home/warxen/ai_robot/ros2_ws/build/robot_vision_assistant/install.log --single-version-externally-managed install_data
[1.824s] running egg_info
[1.825s] writing ../../build/robot_vision_assistant/robot_vision_assistant.egg-info/PKG-INFO
[1.826s] writing dependency_links to ../../build/robot_vision_assistant/robot_vision_assistant.egg-info/dependency_links.txt
[1.826s] writing entry points to ../../build/robot_vision_assistant/robot_vision_assistant.egg-info/entry_points.txt
[1.826s] writing requirements to ../../build/robot_vision_assistant/robot_vision_assistant.egg-info/requires.txt
[1.826s] writing top-level names to ../../build/robot_vision_assistant/robot_vision_assistant.egg-info/top_level.txt
[1.830s] reading manifest file '../../build/robot_vision_assistant/robot_vision_assistant.egg-info/SOURCES.txt'
[1.832s] writing manifest file '../../build/robot_vision_assistant/robot_vision_assistant.egg-info/SOURCES.txt'
[1.832s] running build
[1.832s] running build_py
[1.833s] running install
[1.834s] running install_lib
[1.838s] running install_data
[1.838s] copying launch/asr.launch.py -> /home/warxen/ai_robot/ros2_ws/install/robot_vision_assistant/share/robot_vision_assistant/launch
[1.839s] running install_egg_info
[1.843s] removing '/home/warxen/ai_robot/ros2_ws/install/robot_vision_assistant/lib/python3.10/site-packages/robot_vision_assistant-0.0.1-py3.10.egg-info' (and everything under it)
[1.843s] Copying ../../build/robot_vision_assistant/robot_vision_assistant.egg-info to /home/warxen/ai_robot/ros2_ws/install/robot_vision_assistant/lib/python3.10/site-packages/robot_vision_assistant-0.0.1-py3.10.egg-info
[1.846s] running install_scripts
[1.890s] Installing asr_node script to /home/warxen/ai_robot/ros2_ws/install/robot_vision_assistant/lib/robot_vision_assistant
[1.890s] Installing local_perception_node script to /home/warxen/ai_robot/ros2_ws/install/robot_vision_assistant/lib/robot_vision_assistant
[1.890s] Installing tts_node script to /home/warxen/ai_robot/ros2_ws/install/robot_vision_assistant/lib/robot_vision_assistant
[1.891s] Installing vision_assistant_node script to /home/warxen/ai_robot/ros2_ws/install/robot_vision_assistant/lib/robot_vision_assistant
[1.891s] Installing yolo_perception_node script to /home/warxen/ai_robot/ros2_ws/install/robot_vision_assistant/lib/robot_vision_assistant
[1.892s] writing list of installed files to '/home/warxen/ai_robot/ros2_ws/build/robot_vision_assistant/install.log'
[1.962s] Invoked command in '/home/warxen/ai_robot/ros2_ws/src/robot_vision_assistant' returned '0': NX_CONNECTION=192.168.1.126 8825 192.168.1.127 4000 PYTHONPATH=/home/warxen/ai_robot/ros2_ws/build/robot_vision_assistant/prefix_override:/usr/lib/python3/dist-packages/colcon_core/task/python/colcon_distutils_commands:/home/warxen/ai_robot/ros2_ws/install/robot_vision_assistant/lib/python3.10/site-packages:${PYTHONPATH} /usr/bin/python3 -W ignore:setup.py install is deprecated -W ignore:easy_install command is deprecated setup.py egg_info --egg-base ../../build/robot_vision_assistant build --build-base /home/warxen/ai_robot/ros2_ws/build/robot_vision_assistant/build install --record /home/warxen/ai_robot/ros2_ws/build/robot_vision_assistant/install.log --single-version-externally-managed install_data
