[1.381s] Invoking command in '/home/warxen/ai_robot/ros2_ws/src/robot_vision_assistant': NX_CONNECTION=192.168.1.126 2119 192.168.1.127 4000 PYTHONPATH=/home/warxen/ai_robot/ros2_ws/build/robot_vision_assistant/prefix_override:/usr/lib/python3/dist-packages/colcon_core/task/python/colcon_distutils_commands:/home/warxen/ai_robot/ros2_ws/install/robot_vision_assistant/lib/python3.10/site-packages:${PYTHONPATH} /usr/bin/python3 -W ignore:setup.py install is deprecated -W ignore:easy_install command is deprecated setup.py egg_info --egg-base ../../build/robot_vision_assistant build --build-base /home/warxen/ai_robot/ros2_ws/build/robot_vision_assistant/build install --record /home/warxen/ai_robot/ros2_ws/build/robot_vision_assistant/install.log --single-version-externally-managed install_data
[1.886s] running egg_info
[1.887s] creating ../../build/robot_vision_assistant/robot_vision_assistant.egg-info
[1.887s] writing ../../build/robot_vision_assistant/robot_vision_assistant.egg-info/PKG-INFO
[1.888s] writing dependency_links to ../../build/robot_vision_assistant/robot_vision_assistant.egg-info/dependency_links.txt
[1.888s] writing entry points to ../../build/robot_vision_assistant/robot_vision_assistant.egg-info/entry_points.txt
[1.889s] writing requirements to ../../build/robot_vision_assistant/robot_vision_assistant.egg-info/requires.txt
[1.889s] writing top-level names to ../../build/robot_vision_assistant/robot_vision_assistant.egg-info/top_level.txt
[1.889s] writing manifest file '../../build/robot_vision_assistant/robot_vision_assistant.egg-info/SOURCES.txt'
[1.892s] reading manifest file '../../build/robot_vision_assistant/robot_vision_assistant.egg-info/SOURCES.txt'
[1.894s] writing manifest file '../../build/robot_vision_assistant/robot_vision_assistant.egg-info/SOURCES.txt'
[1.894s] running build
[1.895s] running build_py
[1.895s] creating /home/warxen/ai_robot/ros2_ws/build/robot_vision_assistant/build
[1.895s] creating /home/warxen/ai_robot/ros2_ws/build/robot_vision_assistant/build/lib
[1.896s] creating /home/warxen/ai_robot/ros2_ws/build/robot_vision_assistant/build/lib/robot_vision_assistant
[1.896s] copying robot_vision_assistant/asr_node.py -> /home/warxen/ai_robot/ros2_ws/build/robot_vision_assistant/build/lib/robot_vision_assistant
[1.896s] copying robot_vision_assistant/__init__.py -> /home/warxen/ai_robot/ros2_ws/build/robot_vision_assistant/build/lib/robot_vision_assistant
[1.896s] copying robot_vision_assistant/memory_store.py -> /home/warxen/ai_robot/ros2_ws/build/robot_vision_assistant/build/lib/robot_vision_assistant
[1.897s] copying robot_vision_assistant/vision_assistant_node.py -> /home/warxen/ai_robot/ros2_ws/build/robot_vision_assistant/build/lib/robot_vision_assistant
[1.897s] copying robot_vision_assistant/local_perception_node.py -> /home/warxen/ai_robot/ros2_ws/build/robot_vision_assistant/build/lib/robot_vision_assistant
[1.897s] copying robot_vision_assistant/tts_node.py -> /home/warxen/ai_robot/ros2_ws/build/robot_vision_assistant/build/lib/robot_vision_assistant
[1.897s] copying robot_vision_assistant/yolo_perception_node.py -> /home/warxen/ai_robot/ros2_ws/build/robot_vision_assistant/build/lib/robot_vision_assistant
[1.898s] running install
[1.898s] running install_lib
[1.899s] creating /home/warxen/ai_robot/ros2_ws/install/robot_vision_assistant/lib/python3.10/site-packages/robot_vision_assistant
[1.900s] copying /home/warxen/ai_robot/ros2_ws/build/robot_vision_assistant/build/lib/robot_vision_assistant/asr_node.py -> /home/warxen/ai_robot/ros2_ws/install/robot_vision_assistant/lib/python3.10/site-packages/robot_vision_assistant
[1.900s] copying /home/warxen/ai_robot/ros2_ws/build/robot_vision_assistant/build/lib/robot_vision_assistant/__init__.py -> /home/warxen/ai_robot/ros2_ws/install/robot_vision_assistant/lib/python3.10/site-packages/robot_vision_assistant
[1.900s] copying /home/warxen/ai_robot/ros2_ws/build/robot_vision_assistant/build/lib/robot_vision_assistant/memory_store.py -> /home/warxen/ai_robot/ros2_ws/install/robot_vision_assistant/lib/python3.10/site-packages/robot_vision_assistant
[1.901s] copying /home/warxen/ai_robot/ros2_ws/build/robot_vision_assistant/build/lib/robot_vision_assistant/vision_assistant_node.py -> /home/warxen/ai_robot/ros2_ws/install/robot_vision_assistant/lib/python3.10/site-packages/robot_vision_assistant
[1.901s] copying /home/warxen/ai_robot/ros2_ws/build/robot_vision_assistant/build/lib/robot_vision_assistant/local_perception_node.py -> /home/warxen/ai_robot/ros2_ws/install/robot_vision_assistant/lib/python3.10/site-packages/robot_vision_assistant
[1.901s] copying /home/warxen/ai_robot/ros2_ws/build/robot_vision_assistant/build/lib/robot_vision_assistant/tts_node.py -> /home/warxen/ai_robot/ros2_ws/install/robot_vision_assistant/lib/python3.10/site-packages/robot_vision_assistant
[1.901s] copying /home/warxen/ai_robot/ros2_ws/build/robot_vision_assistant/build/lib/robot_vision_assistant/yolo_perception_node.py -> /home/warxen/ai_robot/ros2_ws/install/robot_vision_assistant/lib/python3.10/site-packages/robot_vision_assistant
[1.902s] byte-compiling /home/warxen/ai_robot/ros2_ws/install/robot_vision_assistant/lib/python3.10/site-packages/robot_vision_assistant/asr_node.py to asr_node.cpython-310.pyc
[1.905s] byte-compiling /home/warxen/ai_robot/ros2_ws/install/robot_vision_assistant/lib/python3.10/site-packages/robot_vision_assistant/__init__.py to __init__.cpython-310.pyc
[1.905s] byte-compiling /home/warxen/ai_robot/ros2_ws/install/robot_vision_assistant/lib/python3.10/site-packages/robot_vision_assistant/memory_store.py to memory_store.cpython-310.pyc
[1.906s] byte-compiling /home/warxen/ai_robot/ros2_ws/install/robot_vision_assistant/lib/python3.10/site-packages/robot_vision_assistant/vision_assistant_node.py to vision_assistant_node.cpython-310.pyc
[1.909s] byte-compiling /home/warxen/ai_robot/ros2_ws/install/robot_vision_assistant/lib/python3.10/site-packages/robot_vision_assistant/local_perception_node.py to local_perception_node.cpython-310.pyc
[1.911s] byte-compiling /home/warxen/ai_robot/ros2_ws/install/robot_vision_assistant/lib/python3.10/site-packages/robot_vision_assistant/tts_node.py to tts_node.cpython-310.pyc
[1.912s] byte-compiling /home/warxen/ai_robot/ros2_ws/install/robot_vision_assistant/lib/python3.10/site-packages/robot_vision_assistant/yolo_perception_node.py to yolo_perception_node.cpython-310.pyc
[1.915s] running install_data
[1.915s] creating /home/warxen/ai_robot/ros2_ws/install/robot_vision_assistant/share/ament_index
[1.916s] creating /home/warxen/ai_robot/ros2_ws/install/robot_vision_assistant/share/ament_index/resource_index
[1.916s] creating /home/warxen/ai_robot/ros2_ws/install/robot_vision_assistant/share/ament_index/resource_index/packages
[1.916s] copying resource/robot_vision_assistant -> /home/warxen/ai_robot/ros2_ws/install/robot_vision_assistant/share/ament_index/resource_index/packages
[1.917s] copying package.xml -> /home/warxen/ai_robot/ros2_ws/install/robot_vision_assistant/share/robot_vision_assistant
[1.917s] creating /home/warxen/ai_robot/ros2_ws/install/robot_vision_assistant/share/robot_vision_assistant/launch
[1.917s] copying launch/local_perception.launch.py -> /home/warxen/ai_robot/ros2_ws/install/robot_vision_assistant/share/robot_vision_assistant/launch
[1.918s] copying launch/vision_assistant.launch.py -> /home/warxen/ai_robot/ros2_ws/install/robot_vision_assistant/share/robot_vision_assistant/launch
[1.918s] copying launch/asr.launch.py -> /home/warxen/ai_robot/ros2_ws/install/robot_vision_assistant/share/robot_vision_assistant/launch
[1.918s] copying launch/tts.launch.py -> /home/warxen/ai_robot/ros2_ws/install/robot_vision_assistant/share/robot_vision_assistant/launch
[1.918s] copying launch/yolo_perception.launch.py -> /home/warxen/ai_robot/ros2_ws/install/robot_vision_assistant/share/robot_vision_assistant/launch
[1.919s] running install_egg_info
[1.921s] Copying ../../build/robot_vision_assistant/robot_vision_assistant.egg-info to /home/warxen/ai_robot/ros2_ws/install/robot_vision_assistant/lib/python3.10/site-packages/robot_vision_assistant-0.0.1-py3.10.egg-info
[1.923s] running install_scripts
[1.969s] Installing asr_node script to /home/warxen/ai_robot/ros2_ws/install/robot_vision_assistant/lib/robot_vision_assistant
[1.970s] Installing local_perception_node script to /home/warxen/ai_robot/ros2_ws/install/robot_vision_assistant/lib/robot_vision_assistant
[1.970s] Installing tts_node script to /home/warxen/ai_robot/ros2_ws/install/robot_vision_assistant/lib/robot_vision_assistant
[1.970s] Installing vision_assistant_node script to /home/warxen/ai_robot/ros2_ws/install/robot_vision_assistant/lib/robot_vision_assistant
[1.970s] Installing yolo_perception_node script to /home/warxen/ai_robot/ros2_ws/install/robot_vision_assistant/lib/robot_vision_assistant
[1.971s] writing list of installed files to '/home/warxen/ai_robot/ros2_ws/build/robot_vision_assistant/install.log'
[2.039s] Invoked command in '/home/warxen/ai_robot/ros2_ws/src/robot_vision_assistant' returned '0': NX_CONNECTION=192.168.1.126 2119 192.168.1.127 4000 PYTHONPATH=/home/warxen/ai_robot/ros2_ws/build/robot_vision_assistant/prefix_override:/usr/lib/python3/dist-packages/colcon_core/task/python/colcon_distutils_commands:/home/warxen/ai_robot/ros2_ws/install/robot_vision_assistant/lib/python3.10/site-packages:${PYTHONPATH} /usr/bin/python3 -W ignore:setup.py install is deprecated -W ignore:easy_install command is deprecated setup.py egg_info --egg-base ../../build/robot_vision_assistant build --build-base /home/warxen/ai_robot/ros2_ws/build/robot_vision_assistant/build install --record /home/warxen/ai_robot/ros2_ws/build/robot_vision_assistant/install.log --single-version-externally-managed install_data
