[1.909s] Invoking command in '/home/warxen/ai_robot/ros2_ws/src/robot_vision_assistant': NX_CONNECTION=192.168.1.126 2425 192.168.1.127 4000 PYTHONPATH=/home/warxen/ai_robot/ros2_ws/build/robot_vision_assistant/prefix_override:/usr/lib/python3/dist-packages/colcon_core/task/python/colcon_distutils_commands:/home/warxen/ai_robot/ros2_ws/install/robot_vision_assistant/lib/python3.10/site-packages:${PYTHONPATH} /usr/bin/python3 -W ignore:setup.py install is deprecated -W ignore:easy_install command is deprecated setup.py egg_info --egg-base ../../build/robot_vision_assistant build --build-base /home/warxen/ai_robot/ros2_ws/build/robot_vision_assistant/build install --record /home/warxen/ai_robot/ros2_ws/build/robot_vision_assistant/install.log --single-version-externally-managed install_data
[2.421s] running egg_info
[2.423s] writing ../../build/robot_vision_assistant/robot_vision_assistant.egg-info/PKG-INFO
[2.424s] writing dependency_links to ../../build/robot_vision_assistant/robot_vision_assistant.egg-info/dependency_links.txt
[2.424s] writing entry points to ../../build/robot_vision_assistant/robot_vision_assistant.egg-info/entry_points.txt
[2.425s] writing requirements to ../../build/robot_vision_assistant/robot_vision_assistant.egg-info/requires.txt
[2.425s] writing top-level names to ../../build/robot_vision_assistant/robot_vision_assistant.egg-info/top_level.txt
[2.430s] reading manifest file '../../build/robot_vision_assistant/robot_vision_assistant.egg-info/SOURCES.txt'
[2.432s] writing manifest file '../../build/robot_vision_assistant/robot_vision_assistant.egg-info/SOURCES.txt'
[2.432s] running build
[2.433s] running build_py
[2.433s] copying robot_vision_assistant/voice_manager_node.py -> /home/warxen/ai_robot/ros2_ws/build/robot_vision_assistant/build/lib/robot_vision_assistant
[2.436s] running install
[2.436s] running install_lib
[2.438s] copying /home/warxen/ai_robot/ros2_ws/build/robot_vision_assistant/build/lib/robot_vision_assistant/voice_manager_node.py -> /home/warxen/ai_robot/ros2_ws/install/robot_vision_assistant/lib/python3.10/site-packages/robot_vision_assistant
[2.440s] byte-compiling /home/warxen/ai_robot/ros2_ws/install/robot_vision_assistant/lib/python3.10/site-packages/robot_vision_assistant/voice_manager_node.py to voice_manager_node.cpython-310.pyc
[2.442s] running install_data
[2.443s] copying launch/local_assistant.launch.py -> /home/warxen/ai_robot/ros2_ws/install/robot_vision_assistant/share/robot_vision_assistant/launch
[2.443s] running install_egg_info
[2.447s] removing '/home/warxen/ai_robot/ros2_ws/install/robot_vision_assistant/lib/python3.10/site-packages/robot_vision_assistant-0.0.1-py3.10.egg-info' (and everything under it)
[2.448s] Copying ../../build/robot_vision_assistant/robot_vision_assistant.egg-info to /home/warxen/ai_robot/ros2_ws/install/robot_vision_assistant/lib/python3.10/site-packages/robot_vision_assistant-0.0.1-py3.10.egg-info
[2.450s] running install_scripts
[2.495s] Installing asr_node script to /home/warxen/ai_robot/ros2_ws/install/robot_vision_assistant/lib/robot_vision_assistant
[2.495s] Installing local_perception_node script to /home/warxen/ai_robot/ros2_ws/install/robot_vision_assistant/lib/robot_vision_assistant
[2.495s] Installing tts_node script to /home/warxen/ai_robot/ros2_ws/install/robot_vision_assistant/lib/robot_vision_assistant
[2.495s] Installing vision_assistant_node script to /home/warxen/ai_robot/ros2_ws/install/robot_vision_assistant/lib/robot_vision_assistant
[2.496s] Installing voice_led_bridge_node script to /home/warxen/ai_robot/ros2_ws/install/robot_vision_assistant/lib/robot_vision_assistant
[2.496s] Installing voice_manager_node script to /home/warxen/ai_robot/ros2_ws/install/robot_vision_assistant/lib/robot_vision_assistant
[2.496s] Installing yolo_perception_node script to /home/warxen/ai_robot/ros2_ws/install/robot_vision_assistant/lib/robot_vision_assistant
[2.497s] writing list of installed files to '/home/warxen/ai_robot/ros2_ws/build/robot_vision_assistant/install.log'
[2.601s] Invoked command in '/home/warxen/ai_robot/ros2_ws/src/robot_vision_assistant' returned '0': NX_CONNECTION=192.168.1.126 2425 192.168.1.127 4000 PYTHONPATH=/home/warxen/ai_robot/ros2_ws/build/robot_vision_assistant/prefix_override:/usr/lib/python3/dist-packages/colcon_core/task/python/colcon_distutils_commands:/home/warxen/ai_robot/ros2_ws/install/robot_vision_assistant/lib/python3.10/site-packages:${PYTHONPATH} /usr/bin/python3 -W ignore:setup.py install is deprecated -W ignore:easy_install command is deprecated setup.py egg_info --egg-base ../../build/robot_vision_assistant build --build-base /home/warxen/ai_robot/ros2_ws/build/robot_vision_assistant/build install --record /home/warxen/ai_robot/ros2_ws/build/robot_vision_assistant/install.log --single-version-externally-managed install_data
